// Vitest Snapshot v1, https://vitest.dev/guide/snapshot.html

exports[`ModalValidateInstruction.vue > Component rendering > should match snapshot 1`] = `
"<section data-v-ab1febba="" class="unnnic-modal-dialog" data-testid="modal-validate-instruction-by-ai">
  <section data-v-ab1febba="" class="unnnic-modal-dialog__overlay" data-testid="modal-overlay"></section>
  <section data-v-ab1febba="" class="unnnic-modal-dialog__container unnnic-modal-dialog__container--lg" data-testid="modal-container">
    <!---->
    <section data-v-ab1febba="" class="unnnic-modal-dialog__container__body">
      <header data-v-ab1febba="" class="unnnic-modal-dialog__container__header">
        <section data-v-ab1febba="" class="unnnic-modal-dialog__container__title-container">
          <!---->
          <h1 data-v-ab1febba="" class="unnnic-modal-dialog__container__title-text" data-testid="title-text">Validate instruction</h1>
        </section><span data-v-fb16c4d6="" data-v-ab1febba="" class="material-symbols-rounded unnnic-icon-scheme--neutral-darkest unnnic-icon-size--md unnnic--clickable" data-testid="close-icon" translate="no">close</span>
      </header>
      <section data-v-ab1febba="" class="unnnic-modal-dialog__container__content"></section>
      <section data-v-ab1febba="" data-testid="actions-section" class="unnnic-modal-dialog__container__actions unnnic-modal-dialog__container__actions--divider"><button data-v-992d21f0="" data-v-ab1febba="" data-testid="secondary-button" class="unnnic-modal-dialog__container__actions__secondary-button unnnic-button unnnic-button--size-large unnnic-button--tertiary unnnic-modal-dialog__container__actions__secondary-button">
          <!---->
          <!---->
          <!----><span data-v-992d21f0="" class="unnnic-button__label" style="visibility: visible;" data-testid="button-label"> Cancel</span>
          <!---->
        </button><button data-v-992d21f0="" data-v-ab1febba="" data-testid="primary-button" class="unnnic-modal-dialog__container__actions__primary-button unnnic-button unnnic-button--size-large unnnic-button--primary unnnic-modal-dialog__container__actions__primary-button">
          <!---->
          <!---->
          <!----><span data-v-992d21f0="" class="unnnic-button__label" style="visibility: visible;" data-testid="button-label"> Publish</span>
          <!---->
        </button></section>
    </section>
  </section>
</section>"
`;
