// Vitest Snapshot v1, https://vitest.dev/guide/snapshot.html

exports[`Skill.vue > renders correctly 1`] = `
<section
  class="skill"
  data-v-d187fcda=""
>
  <p
    class="skill__icon"
    data-testid="skill-icon"
    data-v-d187fcda=""
  >
    icon-1
  </p>
  <p
    class="unnnic-text unnnic-text--size-body-md unnnic-text--line-height-md unnnic-text--family-secondary unnnic-text--weight-regular unnnic-text--color-neutral-cloudy skill__title skill__title"
    data-testid="skill-name"
    data-v-d187fcda=""
    data-v-ec8da4ad=""
  >
    
    Test Title
    
  </p>
</section>
`;
